Archive member included because of file (symbol)

d:/imt_sdk_win_64/winavr/bin/../lib/gcc/avr/4.3.3/avr5\libgcc.a(_mulsi3.o)
                              ./MCAL/TIMERS/TIMER1/TIMER1_Program.o (__mulsi3)
d:/imt_sdk_win_64/winavr/bin/../lib/gcc/avr/4.3.3/avr5\libgcc.a(_udivmodsi4.o)
                              ./MCAL/TIMERS/TIMER1/TIMER1_Program.o (__udivmodsi4)
d:/imt_sdk_win_64/winavr/bin/../lib/gcc/avr/4.3.3/avr5\libgcc.a(_exit.o)
                              d:/imt_sdk_win_64/winavr/bin/../lib/gcc/avr/4.3.3/../../../../avr/lib/avr5/crtm32.o (exit)
d:/imt_sdk_win_64/winavr/bin/../lib/gcc/avr/4.3.3/avr5\libgcc.a(_copy_data.o)
                              ./HAL/KPAD/KPAD_Program.o (__do_copy_data)
d:/imt_sdk_win_64/winavr/bin/../lib/gcc/avr/4.3.3/avr5\libgcc.a(_clear_bss.o)
                              ./MCAL/USART/USART_Program.o (__do_clear_bss)
d:/imt_sdk_win_64/winavr/bin/../lib/gcc/avr/4.3.3/avr5\libgcc.a(_fixunssfsi.o)
                              ./HAL/LCD/LCD_Program.o (__fixunssfsi)
d:/imt_sdk_win_64/winavr/bin/../lib/gcc/avr/4.3.3/avr5\libgcc.a(_addsub_sf.o)
                              d:/imt_sdk_win_64/winavr/bin/../lib/gcc/avr/4.3.3/avr5\libgcc.a(_fixunssfsi.o) (__subsf3)
d:/imt_sdk_win_64/winavr/bin/../lib/gcc/avr/4.3.3/avr5\libgcc.a(_mul_sf.o)
                              ./HAL/LCD/LCD_Program.o (__mulsf3)
d:/imt_sdk_win_64/winavr/bin/../lib/gcc/avr/4.3.3/avr5\libgcc.a(_gt_sf.o)
                              ./HAL/LCD/LCD_Program.o (__gtsf2)
d:/imt_sdk_win_64/winavr/bin/../lib/gcc/avr/4.3.3/avr5\libgcc.a(_ge_sf.o)
                              d:/imt_sdk_win_64/winavr/bin/../lib/gcc/avr/4.3.3/avr5\libgcc.a(_fixunssfsi.o) (__gesf2)
d:/imt_sdk_win_64/winavr/bin/../lib/gcc/avr/4.3.3/avr5\libgcc.a(_lt_sf.o)
                              ./HAL/LCD/LCD_Program.o (__ltsf2)
d:/imt_sdk_win_64/winavr/bin/../lib/gcc/avr/4.3.3/avr5\libgcc.a(_sf_to_si.o)
                              d:/imt_sdk_win_64/winavr/bin/../lib/gcc/avr/4.3.3/avr5\libgcc.a(_fixunssfsi.o) (__fixsfsi)
d:/imt_sdk_win_64/winavr/bin/../lib/gcc/avr/4.3.3/avr5\libgcc.a(_thenan_sf.o)
                              d:/imt_sdk_win_64/winavr/bin/../lib/gcc/avr/4.3.3/avr5\libgcc.a(_addsub_sf.o) (__thenan_sf)
d:/imt_sdk_win_64/winavr/bin/../lib/gcc/avr/4.3.3/avr5\libgcc.a(_prologue.o)
                              d:/imt_sdk_win_64/winavr/bin/../lib/gcc/avr/4.3.3/avr5\libgcc.a(_addsub_sf.o) (__prologue_saves__)
d:/imt_sdk_win_64/winavr/bin/../lib/gcc/avr/4.3.3/avr5\libgcc.a(_epilogue.o)
                              d:/imt_sdk_win_64/winavr/bin/../lib/gcc/avr/4.3.3/avr5\libgcc.a(_addsub_sf.o) (__epilogue_restores__)
d:/imt_sdk_win_64/winavr/bin/../lib/gcc/avr/4.3.3/avr5\libgcc.a(_pack_sf.o)
                              d:/imt_sdk_win_64/winavr/bin/../lib/gcc/avr/4.3.3/avr5\libgcc.a(_addsub_sf.o) (__pack_f)
d:/imt_sdk_win_64/winavr/bin/../lib/gcc/avr/4.3.3/avr5\libgcc.a(_unpack_sf.o)
                              d:/imt_sdk_win_64/winavr/bin/../lib/gcc/avr/4.3.3/avr5\libgcc.a(_addsub_sf.o) (__unpack_f)
d:/imt_sdk_win_64/winavr/bin/../lib/gcc/avr/4.3.3/avr5\libgcc.a(_fpcmp_parts_sf.o)
                              d:/imt_sdk_win_64/winavr/bin/../lib/gcc/avr/4.3.3/avr5\libgcc.a(_gt_sf.o) (__fpcmp_parts_f)

Memory Configuration

Name             Origin             Length             Attributes
text             0x00000000         0x00020000         xr
data             0x00800060         0x0000ffa0         rw !x
eeprom           0x00810000         0x00010000         rw !x
fuse             0x00820000         0x00000400         rw !x
lock             0x00830000         0x00000400         rw !x
signature        0x00840000         0x00000400         rw !x
*default*        0x00000000         0xffffffff

Linker script and memory map

LOAD d:/imt_sdk_win_64/winavr/bin/../lib/gcc/avr/4.3.3/../../../../avr/lib/avr5/crtm32.o
LOAD ./MCAL/USART/USART_Program.o
LOAD ./MCAL/TIMERS/TIMER1/TIMER1_Program.o
LOAD ./MCAL/TIMERS/TIMER0/TIMER0_Program.o
LOAD ./MCAL/SPI/SPI_Program.o
LOAD ./MCAL/I2C/I2C_Program.o
LOAD ./MCAL/GIE/GIE_Program.o
LOAD ./MCAL/EXTI/EXTI_Program.o
LOAD ./MCAL/DIO/DIO_Program.o
LOAD ./MCAL/ADC/ADC_Program.o
LOAD ./HAL/Stepper_Motor/STEPPER_Program.o
LOAD ./HAL/SERVO_MOTOR/SERVO_Program.o
LOAD ./HAL/LED/LED_Program.o
LOAD ./HAL/LCD/LCD_Program.o
LOAD ./HAL/KPAD/KPAD_Program.o
LOAD ./HAL/EEPROM/EEPROM_Program.o
LOAD ./HAL/Button/BUTTON_Program.o
LOAD ./HAL/7-Segment/SEVEN_SEGMENT_Program.o
LOAD ./APP/main.o
LOAD d:/imt_sdk_win_64/winavr/bin/../lib/gcc/avr/4.3.3/avr5\libgcc.a
LOAD d:/imt_sdk_win_64/winavr/bin/../lib/gcc/avr/4.3.3/../../../../avr/lib/avr5\libc.a
LOAD d:/imt_sdk_win_64/winavr/bin/../lib/gcc/avr/4.3.3/avr5\libgcc.a

.hash
 *(.hash)

.dynsym
 *(.dynsym)

.dynstr
 *(.dynstr)

.gnu.version
 *(.gnu.version)

.gnu.version_d
 *(.gnu.version_d)

.gnu.version_r
 *(.gnu.version_r)

.rel.init
 *(.rel.init)

.rela.init
 *(.rela.init)

.rel.text
 *(.rel.text)
 *(.rel.text.*)
 *(.rel.gnu.linkonce.t*)

.rela.text
 *(.rela.text)
 *(.rela.text.*)
 *(.rela.gnu.linkonce.t*)

.rel.fini
 *(.rel.fini)

.rela.fini
 *(.rela.fini)

.rel.rodata
 *(.rel.rodata)
 *(.rel.rodata.*)
 *(.rel.gnu.linkonce.r*)

.rela.rodata
 *(.rela.rodata)
 *(.rela.rodata.*)
 *(.rela.gnu.linkonce.r*)

.rel.data
 *(.rel.data)
 *(.rel.data.*)
 *(.rel.gnu.linkonce.d*)

.rela.data
 *(.rela.data)
 *(.rela.data.*)
 *(.rela.gnu.linkonce.d*)

.rel.ctors
 *(.rel.ctors)

.rela.ctors
 *(.rela.ctors)

.rel.dtors
 *(.rel.dtors)

.rela.dtors
 *(.rela.dtors)

.rel.got
 *(.rel.got)

.rela.got
 *(.rela.got)

.rel.bss
 *(.rel.bss)

.rela.bss
 *(.rela.bss)

.rel.plt
 *(.rel.plt)

.rela.plt
 *(.rela.plt)

.text           0x00000000     0x58b0
 *(.vectors)
 .vectors       0x00000000       0x54 d:/imt_sdk_win_64/winavr/bin/../lib/gcc/avr/4.3.3/../../../../avr/lib/avr5/crtm32.o
                0x00000000                __vectors
                0x00000000                __vector_default
 *(.vectors)
 *(.progmem.gcc*)
 *(.progmem*)
                0x00000054                . = ALIGN (0x2)
                0x00000054                __trampolines_start = .
 *(.trampolines)
 .trampolines   0x00000054        0x0 linker stubs
 *(.trampolines*)
                0x00000054                __trampolines_end = .
 *(.jumptables)
 *(.jumptables*)
 *(.lowtext)
 *(.lowtext*)
                0x00000054                __ctors_start = .
 *(.ctors)
                0x00000054                __ctors_end = .
                0x00000054                __dtors_start = .
 *(.dtors)
                0x00000054                __dtors_end = .
 SORT(*)(.ctors)
 SORT(*)(.dtors)
 *(.init0)
 .init0         0x00000054        0x0 d:/imt_sdk_win_64/winavr/bin/../lib/gcc/avr/4.3.3/../../../../avr/lib/avr5/crtm32.o
                0x00000054                __init
 *(.init0)
 *(.init1)
 *(.init1)
 *(.init2)
 .init2         0x00000054        0xc d:/imt_sdk_win_64/winavr/bin/../lib/gcc/avr/4.3.3/../../../../avr/lib/avr5/crtm32.o
 *(.init2)
 *(.init3)
 *(.init3)
 *(.init4)
 .init4         0x00000060       0x16 d:/imt_sdk_win_64/winavr/bin/../lib/gcc/avr/4.3.3/avr5\libgcc.a(_copy_data.o)
                0x00000060                __do_copy_data
 .init4         0x00000076       0x10 d:/imt_sdk_win_64/winavr/bin/../lib/gcc/avr/4.3.3/avr5\libgcc.a(_clear_bss.o)
                0x00000076                __do_clear_bss
 *(.init4)
 *(.init5)
 *(.init5)
 *(.init6)
 *(.init6)
 *(.init7)
 *(.init7)
 *(.init8)
 *(.init8)
 *(.init9)
 .init9         0x00000086        0x8 d:/imt_sdk_win_64/winavr/bin/../lib/gcc/avr/4.3.3/../../../../avr/lib/avr5/crtm32.o
 *(.init9)
 *(.text)
 .text          0x0000008e        0x4 d:/imt_sdk_win_64/winavr/bin/../lib/gcc/avr/4.3.3/../../../../avr/lib/avr5/crtm32.o
                0x0000008e                __bad_interrupt
                0x0000008e                __vector_17
                0x0000008e                __vector_19
                0x0000008e                __vector_7
                0x0000008e                __vector_5
                0x0000008e                __vector_4
                0x0000008e                __vector_9
                0x0000008e                __vector_8
                0x0000008e                __vector_18
                0x0000008e                __vector_20
 .text          0x00000092        0x0 ./MCAL/USART/USART_Program.o
 .text          0x00000092        0x0 ./MCAL/TIMERS/TIMER1/TIMER1_Program.o
 .text          0x00000092        0x0 ./MCAL/TIMERS/TIMER0/TIMER0_Program.o
 .text          0x00000092        0x0 ./MCAL/SPI/SPI_Program.o
 .text          0x00000092        0x0 ./MCAL/I2C/I2C_Program.o
 .text          0x00000092        0x0 ./MCAL/GIE/GIE_Program.o
 .text          0x00000092        0x0 ./MCAL/EXTI/EXTI_Program.o
 .text          0x00000092        0x0 ./MCAL/DIO/DIO_Program.o
 .text          0x00000092        0x0 ./MCAL/ADC/ADC_Program.o
 .text          0x00000092        0x0 ./HAL/Stepper_Motor/STEPPER_Program.o
 .text          0x00000092        0x0 ./HAL/SERVO_MOTOR/SERVO_Program.o
 .text          0x00000092        0x0 ./HAL/LED/LED_Program.o
 .text          0x00000092        0x0 ./HAL/LCD/LCD_Program.o
 .text          0x00000092        0x0 ./HAL/KPAD/KPAD_Program.o
 .text          0x00000092        0x0 ./HAL/EEPROM/EEPROM_Program.o
 .text          0x00000092        0x0 ./HAL/Button/BUTTON_Program.o
 .text          0x00000092        0x0 ./HAL/7-Segment/SEVEN_SEGMENT_Program.o
 .text          0x00000092        0x0 ./APP/main.o
 .text          0x00000092        0x0 d:/imt_sdk_win_64/winavr/bin/../lib/gcc/avr/4.3.3/avr5\libgcc.a(_mulsi3.o)
 .text          0x00000092        0x0 d:/imt_sdk_win_64/winavr/bin/../lib/gcc/avr/4.3.3/avr5\libgcc.a(_udivmodsi4.o)
 .text          0x00000092        0x0 d:/imt_sdk_win_64/winavr/bin/../lib/gcc/avr/4.3.3/avr5\libgcc.a(_exit.o)
 .text          0x00000092        0x0 d:/imt_sdk_win_64/winavr/bin/../lib/gcc/avr/4.3.3/avr5\libgcc.a(_copy_data.o)
 .text          0x00000092        0x0 d:/imt_sdk_win_64/winavr/bin/../lib/gcc/avr/4.3.3/avr5\libgcc.a(_clear_bss.o)
 .text          0x00000092       0x58 d:/imt_sdk_win_64/winavr/bin/../lib/gcc/avr/4.3.3/avr5\libgcc.a(_fixunssfsi.o)
                0x00000092                __fixunssfsi
 .text          0x000000ea      0x354 d:/imt_sdk_win_64/winavr/bin/../lib/gcc/avr/4.3.3/avr5\libgcc.a(_addsub_sf.o)
                0x00000382                __subsf3
                0x000003e4                __addsf3
 .text          0x0000043e      0x1f4 d:/imt_sdk_win_64/winavr/bin/../lib/gcc/avr/4.3.3/avr5\libgcc.a(_mul_sf.o)
                0x0000043e                __mulsf3
 .text          0x00000632       0x60 d:/imt_sdk_win_64/winavr/bin/../lib/gcc/avr/4.3.3/avr5\libgcc.a(_gt_sf.o)
                0x00000632                __gtsf2
 .text          0x00000692       0x60 d:/imt_sdk_win_64/winavr/bin/../lib/gcc/avr/4.3.3/avr5\libgcc.a(_ge_sf.o)
                0x00000692                __gesf2
 .text          0x000006f2       0x60 d:/imt_sdk_win_64/winavr/bin/../lib/gcc/avr/4.3.3/avr5\libgcc.a(_lt_sf.o)
                0x000006f2                __ltsf2
 .text          0x00000752       0xa8 d:/imt_sdk_win_64/winavr/bin/../lib/gcc/avr/4.3.3/avr5\libgcc.a(_sf_to_si.o)
                0x00000752                __fixsfsi
 .text          0x000007fa        0x0 d:/imt_sdk_win_64/winavr/bin/../lib/gcc/avr/4.3.3/avr5\libgcc.a(_thenan_sf.o)
 .text          0x000007fa        0x0 d:/imt_sdk_win_64/winavr/bin/../lib/gcc/avr/4.3.3/avr5\libgcc.a(_prologue.o)
 .text          0x000007fa        0x0 d:/imt_sdk_win_64/winavr/bin/../lib/gcc/avr/4.3.3/avr5\libgcc.a(_epilogue.o)
 .text          0x000007fa      0x1aa d:/imt_sdk_win_64/winavr/bin/../lib/gcc/avr/4.3.3/avr5\libgcc.a(_pack_sf.o)
                0x000007fa                __pack_f
 .text          0x000009a4       0xf0 d:/imt_sdk_win_64/winavr/bin/../lib/gcc/avr/4.3.3/avr5\libgcc.a(_unpack_sf.o)
                0x000009a4                __unpack_f
 .text          0x00000a94       0xb2 d:/imt_sdk_win_64/winavr/bin/../lib/gcc/avr/4.3.3/avr5\libgcc.a(_fpcmp_parts_sf.o)
                0x00000a94                __fpcmp_parts_f
                0x00000b46                . = ALIGN (0x2)
 *(.text.*)
 .text.USART_voidInit
                0x00000b46       0xd0 ./MCAL/USART/USART_Program.o
                0x00000b46                USART_voidInit
 .text.USART_voidSendData
                0x00000c16       0x3c ./MCAL/USART/USART_Program.o
                0x00000c16                USART_voidSendData
 .text.USART_voidRecieveData
                0x00000c52       0x2e ./MCAL/USART/USART_Program.o
                0x00000c52                USART_voidRecieveData
 .text.USART_voidAsyncSendData
                0x00000c80       0x4c ./MCAL/USART/USART_Program.o
                0x00000c80                USART_voidAsyncSendData
 .text.USART_voidAsyncRecieveData
                0x00000ccc       0x32 ./MCAL/USART/USART_Program.o
                0x00000ccc                USART_voidAsyncRecieveData
 .text.__vector_13
                0x00000cfe       0x44 ./MCAL/USART/USART_Program.o
                0x00000cfe                __vector_13
 .text.__vector_14
                0x00000d42       0x36 ./MCAL/USART/USART_Program.o
                0x00000d42                __vector_14
 .text.__vector_15
                0x00000d78       0x5a ./MCAL/USART/USART_Program.o
                0x00000d78                __vector_15
 .text.TIMER1_voidInit
                0x00000dd2       0xb6 ./MCAL/TIMERS/TIMER1/TIMER1_Program.o
                0x00000dd2                TIMER1_voidInit
 .text.TIMER1_ICU_voidInit
                0x00000e88       0x92 ./MCAL/TIMERS/TIMER1/TIMER1_Program.o
                0x00000e88                TIMER1_ICU_voidInit
 .text.TIMER1_voidSetCallBack_OVF
                0x00000f1a       0x24 ./MCAL/TIMERS/TIMER1/TIMER1_Program.o
                0x00000f1a                TIMER1_voidSetCallBack_OVF
 .text.TIMER1_voidSetCallBack_CTC
                0x00000f3e       0x24 ./MCAL/TIMERS/TIMER1/TIMER1_Program.o
                0x00000f3e                TIMER1_voidSetCallBack_CTC
 .text.TIMER1_voidSetPreloadValue
                0x00000f62       0x18 ./MCAL/TIMERS/TIMER1/TIMER1_Program.o
                0x00000f62                TIMER1_voidSetPreloadValue
 .text.TIMER1_voidSetCompareMatchValue_T1A
                0x00000f7a       0x30 ./MCAL/TIMERS/TIMER1/TIMER1_Program.o
                0x00000f7a                TIMER1_voidSetCompareMatchValue_T1A
 .text.TIMER1_voidSetCompareMatchValue_T1B
                0x00000faa       0x30 ./MCAL/TIMERS/TIMER1/TIMER1_Program.o
                0x00000faa                TIMER1_voidSetCompareMatchValue_T1B
 .text.TIMER1_voidBahaa_u16PWM_T1A
                0x00000fda       0x36 ./MCAL/TIMERS/TIMER1/TIMER1_Program.o
                0x00000fda                TIMER1_voidBahaa_u16PWM_T1A
 .text.TIMER1_voidBahaa_u16PWM_T1B
                0x00001010       0x36 ./MCAL/TIMERS/TIMER1/TIMER1_Program.o
                0x00001010                TIMER1_voidBahaa_u16PWM_T1B
 .text.TIMER1_ICU_voidEdgeSelect
                0x00001046       0x56 ./MCAL/TIMERS/TIMER1/TIMER1_Program.o
                0x00001046                TIMER1_ICU_voidEdgeSelect
 .text.TIMER1_ICU_ReadPWM
                0x0000109c      0x160 ./MCAL/TIMERS/TIMER1/TIMER1_Program.o
                0x0000109c                TIMER1_ICU_ReadPWM
 .text.__vector_6
                0x000011fc       0xf6 ./MCAL/TIMERS/TIMER1/TIMER1_Program.o
                0x000011fc                __vector_6
 .text.TIMER0_voidInit
                0x000012f2       0x70 ./MCAL/TIMERS/TIMER0/TIMER0_Program.o
                0x000012f2                TIMER0_voidInit
 .text.TIMER0_voidSetCallBack_OVF
                0x00001362       0x24 ./MCAL/TIMERS/TIMER0/TIMER0_Program.o
                0x00001362                TIMER0_voidSetCallBack_OVF
 .text.TIMER0_voidSetCallBack_CTC
                0x00001386       0x24 ./MCAL/TIMERS/TIMER0/TIMER0_Program.o
                0x00001386                TIMER0_voidSetCallBack_CTC
 .text.TIMER0_voidSetPreloadValue
                0x000013aa       0x14 ./MCAL/TIMERS/TIMER0/TIMER0_Program.o
                0x000013aa                TIMER0_voidSetPreloadValue
 .text.TIMER0_voidSetCompareMatchValue
                0x000013be       0x2a ./MCAL/TIMERS/TIMER0/TIMER0_Program.o
                0x000013be                TIMER0_voidSetCompareMatchValue
 .text.TIMER0_voidSetCallBack_CTC_andRequiredTime_ms
                0x000013e8       0x52 ./MCAL/TIMERS/TIMER0/TIMER0_Program.o
                0x000013e8                TIMER0_voidSetCallBack_CTC_andRequiredTime_ms
 .text.TIMER0_voidSetBusyWait_ms
                0x0000143a       0xfc ./MCAL/TIMERS/TIMER0/TIMER0_Program.o
                0x0000143a                TIMER0_voidSetBusyWait_ms
 .text.TIMER0_voidBahaaPWM
                0x00001536       0x1a ./MCAL/TIMERS/TIMER0/TIMER0_Program.o
                0x00001536                TIMER0_voidBahaaPWM
 .text.__vector_11
                0x00001550       0x9e ./MCAL/TIMERS/TIMER0/TIMER0_Program.o
                0x00001550                __vector_11
 .text.__vector_10
                0x000015ee      0x158 ./MCAL/TIMERS/TIMER0/TIMER0_Program.o
                0x000015ee                __vector_10
 .text.SPI_voidMasterInit
                0x00001746       0xb0 ./MCAL/SPI/SPI_Program.o
                0x00001746                SPI_voidMasterInit
 .text.SPI_voidSlaveInit
                0x000017f6       0x86 ./MCAL/SPI/SPI_Program.o
                0x000017f6                SPI_voidSlaveInit
 .text.SPI_u8TranceiveData
                0x0000187c       0x3a ./MCAL/SPI/SPI_Program.o
                0x0000187c                SPI_u8TranceiveData
 .text.SPI_voidTransmitData
                0x000018b6       0x34 ./MCAL/SPI/SPI_Program.o
                0x000018b6                SPI_voidTransmitData
 .text.SPI_voidRecieveData
                0x000018ea       0x14 ./MCAL/SPI/SPI_Program.o
                0x000018ea                SPI_voidRecieveData
 .text.SPI_voidTranceiveString
                0x000018fe       0x8e ./MCAL/SPI/SPI_Program.o
                0x000018fe                SPI_voidTranceiveString
 .text.SPI_u8AsynTranceiveData
                0x0000198c       0x2a ./MCAL/SPI/SPI_Program.o
                0x0000198c                SPI_u8AsynTranceiveData
 .text.SPI_voidSetCallBack
                0x000019b6       0x24 ./MCAL/SPI/SPI_Program.o
                0x000019b6                SPI_voidSetCallBack
 .text.__vector_12
                0x000019da       0x86 ./MCAL/SPI/SPI_Program.o
                0x000019da                __vector_12
 .text.I2C_voidMasterInit
                0x00001a60       0x5a ./MCAL/I2C/I2C_Program.o
                0x00001a60                I2C_voidMasterInit
 .text.I2C_Master_u8StartCondition
                0x00001aba       0x54 ./MCAL/I2C/I2C_Program.o
                0x00001aba                I2C_Master_u8StartCondition
 .text.I2C_Master_u8ReStartCondition
                0x00001b0e       0x54 ./MCAL/I2C/I2C_Program.o
                0x00001b0e                I2C_Master_u8ReStartCondition
 .text.I2C_Master_u8SendSLA_Write_ACK
                0x00001b62       0x70 ./MCAL/I2C/I2C_Program.o
                0x00001b62                I2C_Master_u8SendSLA_Write_ACK
 .text.I2C_Master_u8SendSLA_Write_NOTACK
                0x00001bd2       0x74 ./MCAL/I2C/I2C_Program.o
                0x00001bd2                I2C_Master_u8SendSLA_Write_NOTACK
 .text.I2C_Master_u8SendSLA_Read_ACK
                0x00001c46       0x70 ./MCAL/I2C/I2C_Program.o
                0x00001c46                I2C_Master_u8SendSLA_Read_ACK
 .text.I2C_Master_u8SendSLA_Read_NOTACK
                0x00001cb6       0x74 ./MCAL/I2C/I2C_Program.o
                0x00001cb6                I2C_Master_u8SendSLA_Read_NOTACK
 .text.I2C_Master_u8WriteDataByte_ACK
                0x00001d2a       0x52 ./MCAL/I2C/I2C_Program.o
                0x00001d2a                I2C_Master_u8WriteDataByte_ACK
 .text.I2C_Master_u8WriteDataByte_NOTACK
                0x00001d7c       0x56 ./MCAL/I2C/I2C_Program.o
                0x00001d7c                I2C_Master_u8WriteDataByte_NOTACK
 .text.I2C_Master_u8ReadDataByte_ACK
                0x00001dd2       0x5c ./MCAL/I2C/I2C_Program.o
                0x00001dd2                I2C_Master_u8ReadDataByte_ACK
 .text.I2C_Master_u8ReadDataByte_NOTACK
                0x00001e2e       0x60 ./MCAL/I2C/I2C_Program.o
                0x00001e2e                I2C_Master_u8ReadDataByte_NOTACK
 .text.I2C_Master_voidStopCondition
                0x00001e8e       0x2a ./MCAL/I2C/I2C_Program.o
                0x00001e8e                I2C_Master_voidStopCondition
 .text.I2C_voidSlaveInit
                0x00001eb8       0x30 ./MCAL/I2C/I2C_Program.o
                0x00001eb8                I2C_voidSlaveInit
 .text.I2C_SLAVE_u8OwnSLA_Write_Recieved_ACK
                0x00001ee8       0x46 ./MCAL/I2C/I2C_Program.o
                0x00001ee8                I2C_SLAVE_u8OwnSLA_Write_Recieved_ACK
 .text.I2C_SLAVE_u8OwnSLA_Read_Recieved_ACK
                0x00001f2e       0x46 ./MCAL/I2C/I2C_Program.o
                0x00001f2e                I2C_SLAVE_u8OwnSLA_Read_Recieved_ACK
 .text.I2C_SLAVE_u8DataByteRecieved_ACK
                0x00001f74       0x5c ./MCAL/I2C/I2C_Program.o
                0x00001f74                I2C_SLAVE_u8DataByteRecieved_ACK
 .text.I2C_SLAVE_u8DataByteRecieved_NOTACK
                0x00001fd0       0x60 ./MCAL/I2C/I2C_Program.o
                0x00001fd0                I2C_SLAVE_u8DataByteRecieved_NOTACK
 .text.I2C_SLAVE_u8DataByteTransmit_ACK
                0x00002030       0x52 ./MCAL/I2C/I2C_Program.o
                0x00002030                I2C_SLAVE_u8DataByteTransmit_ACK
 .text.I2C_SLAVE_u8DataByteTransmit_NOTACK
                0x00002082       0x56 ./MCAL/I2C/I2C_Program.o
                0x00002082                I2C_SLAVE_u8DataByteTransmit_NOTACK
 .text.Enable_ACK
                0x000020d8       0x1c ./MCAL/I2C/I2C_Program.o
                0x000020d8                Enable_ACK
 .text.Disable_ACK
                0x000020f4       0x1c ./MCAL/I2C/I2C_Program.o
                0x000020f4                Disable_ACK
 .text.GIE_void_GI_Enable
                0x00002110       0x54 ./MCAL/GIE/GIE_Program.o
                0x00002110                GIE_void_GI_Enable
 .text.EXTI_voidEnable
                0x00002164      0x228 ./MCAL/EXTI/EXTI_Program.o
                0x00002164                EXTI_voidEnable
 .text.EXTI_voidDisable
                0x0000238c       0x6e ./MCAL/EXTI/EXTI_Program.o
                0x0000238c                EXTI_voidDisable
 .text.EXTI_voidSetCallBack
                0x000023fa       0x72 ./MCAL/EXTI/EXTI_Program.o
                0x000023fa                EXTI_voidSetCallBack
 .text.__vector_1
                0x0000246c       0x66 ./MCAL/EXTI/EXTI_Program.o
                0x0000246c                __vector_1
 .text.__vector_2
                0x000024d2       0x66 ./MCAL/EXTI/EXTI_Program.o
                0x000024d2                __vector_2
 .text.__vector_3
                0x00002538       0x66 ./MCAL/EXTI/EXTI_Program.o
                0x00002538                __vector_3
 .text.DIO_voidSetPinDirection
                0x0000259e      0x220 ./MCAL/DIO/DIO_Program.o
                0x0000259e                DIO_voidSetPinDirection
 .text.DIO_voidSetPortDirection
                0x000027be      0x112 ./MCAL/DIO/DIO_Program.o
                0x000027be                DIO_voidSetPortDirection
 .text.DIO_voidSetPinValue
                0x000028d0      0x220 ./MCAL/DIO/DIO_Program.o
                0x000028d0                DIO_voidSetPinValue
 .text.DIO_voidSetPortValue
                0x00002af0       0x88 ./MCAL/DIO/DIO_Program.o
                0x00002af0                DIO_voidSetPortValue
 .text.DIO_u8GetPinValue
                0x00002b78      0x100 ./MCAL/DIO/DIO_Program.o
                0x00002b78                DIO_u8GetPinValue
 .text.DIO_u8GetPortValue
                0x00002c78       0x88 ./MCAL/DIO/DIO_Program.o
                0x00002c78                DIO_u8GetPortValue
 .text.DIO_voidTogglePinValue
                0x00002d00      0x10a ./MCAL/DIO/DIO_Program.o
                0x00002d00                DIO_voidTogglePinValue
 .text.DIO_voidTogglePortValue
                0x00002e0a       0x9e ./MCAL/DIO/DIO_Program.o
                0x00002e0a                DIO_voidTogglePortValue
 .text.DIO_voidConfig_Pull_Up_Pin
                0x00002ea8       0x62 ./MCAL/DIO/DIO_Program.o
                0x00002ea8                DIO_voidConfig_Pull_Up_Pin
 .text.DIO_voidConfig_Pull_Up_Port
                0x00002f0a       0x52 ./MCAL/DIO/DIO_Program.o
                0x00002f0a                DIO_voidConfig_Pull_Up_Port
 .text.ADC_voidInit
                0x00002f5c       0x9a ./MCAL/ADC/ADC_Program.o
                0x00002f5c                ADC_voidInit
 .text.ADC_u16ReadSynchronus
                0x00002ff6      0x15a ./MCAL/ADC/ADC_Program.o
                0x00002ff6                ADC_u16ReadSynchronus
 .text.ADC_u16ReadASynchronus
                0x00003150      0x184 ./MCAL/ADC/ADC_Program.o
                0x00003150                ADC_u16ReadASynchronus
 .text.__vector_16
                0x000032d4       0x7e ./MCAL/ADC/ADC_Program.o
                0x000032d4                __vector_16
 .text.SERVO_voidRotateSpecificAngle_OC1A
                0x00003352       0x7c ./HAL/SERVO_MOTOR/SERVO_Program.o
                0x00003352                SERVO_voidRotateSpecificAngle_OC1A
 .text.SERVO_voidRotateSpecificAngle_OC1B
                0x000033ce       0x7c ./HAL/SERVO_MOTOR/SERVO_Program.o
                0x000033ce                SERVO_voidRotateSpecificAngle_OC1B
 .text.LED_voidInit_Led_Pin
                0x0000344a       0x2e ./HAL/LED/LED_Program.o
                0x0000344a                LED_voidInit_Led_Pin
 .text.LED_voidInit_8Leds_Port
                0x00003478       0x22 ./HAL/LED/LED_Program.o
                0x00003478                LED_voidInit_8Leds_Port
 .text.LED_voidStatus_Led_Pin
                0x0000349a       0x62 ./HAL/LED/LED_Program.o
                0x0000349a                LED_voidStatus_Led_Pin
 .text.LED_voidStatus_8Leds_Port
                0x000034fc       0x52 ./HAL/LED/LED_Program.o
                0x000034fc                LED_voidStatus_8Leds_Port
 .text.LED_voidToggle_Led_Pin
                0x0000354e       0x2c ./HAL/LED/LED_Program.o
                0x0000354e                LED_voidToggle_Led_Pin
 .text.LED_voidToggle_8Leds_Port
                0x0000357a       0x20 ./HAL/LED/LED_Program.o
                0x0000357a                LED_voidToggle_8Leds_Port
 .text.LCD_voidInit
                0x0000359a      0x50a ./HAL/LCD/LCD_Program.o
                0x0000359a                LCD_voidInit
 .text.LCD_voidWriteCommand
                0x00003aa4       0x44 ./HAL/LCD/LCD_Program.o
                0x00003aa4                LCD_voidWriteCommand
 .text.LCD_voidWriteChar
                0x00003ae8       0x44 ./HAL/LCD/LCD_Program.o
                0x00003ae8                LCD_voidWriteChar
 .text.LCD_voidWriteString
                0x00003b2c       0x52 ./HAL/LCD/LCD_Program.o
                0x00003b2c                LCD_voidWriteString
 .text.LCD_voidWrite_u32Number
                0x00003b7e       0xde ./HAL/LCD/LCD_Program.o
                0x00003b7e                LCD_voidWrite_u32Number
 .text.LCD_voidGoTo_XY
                0x00003c5c       0x5a ./HAL/LCD/LCD_Program.o
                0x00003c5c                LCD_voidGoTo_XY
 .text.LCD_voidDrawPattern
                0x00003cb6       0x4c ./HAL/LCD/LCD_Program.o
                0x00003cb6                LCD_voidDrawPattern
 .text.LCD_voidWritePattern
                0x00003d02       0x2c ./HAL/LCD/LCD_Program.o
                0x00003d02                LCD_voidWritePattern
 .text.LCD_voidClearDisplay
                0x00003d2e       0x14 ./HAL/LCD/LCD_Program.o
                0x00003d2e                LCD_voidClearDisplay
 .text.LCD_voidShiftLeft
                0x00003d42       0x14 ./HAL/LCD/LCD_Program.o
                0x00003d42                LCD_voidShiftLeft
 .text.LCD_voidShiftRight
                0x00003d56       0x14 ./HAL/LCD/LCD_Program.o
                0x00003d56                LCD_voidShiftRight
 .text.LCD_voidClearGrid
                0x00003d6a       0x26 ./HAL/LCD/LCD_Program.o
                0x00003d6a                LCD_voidClearGrid
 .text.LCD_voidClearLine
                0x00003d90       0x34 ./HAL/LCD/LCD_Program.o
                0x00003d90                LCD_voidClearLine
 .text.KPAD_voidInit
                0x00003dc4       0xae ./HAL/KPAD/KPAD_Program.o
                0x00003dc4                KPAD_voidInit
 .text.KPAD_u8GetPressedKey
                0x00003e72      0x10c ./HAL/KPAD/KPAD_Program.o
                0x00003e72                KPAD_u8GetPressedKey
 .text.EEPROM_voidSendDataByte
                0x00003f7e      0x136 ./HAL/EEPROM/EEPROM_Program.o
                0x00003f7e                EEPROM_voidSendDataByte
 .text.EEPROM_voidReadDataByte
                0x000040b4      0x142 ./HAL/EEPROM/EEPROM_Program.o
                0x000040b4                EEPROM_voidReadDataByte
 .text.BUTTON_voidInit_Button_Pin
                0x000041f6       0x3e ./HAL/Button/BUTTON_Program.o
                0x000041f6                BUTTON_voidInit_Button_Pin
 .text.BUTTON_voidInit_8Buttons_Port
                0x00004234       0x2e ./HAL/Button/BUTTON_Program.o
                0x00004234                BUTTON_voidInit_8Buttons_Port
 .text.BUTTON_u8Get_Button_Pin
                0x00004262       0x34 ./HAL/Button/BUTTON_Program.o
                0x00004262                BUTTON_u8Get_Button_Pin
 .text.BUTTON_u8Get_8Buttons_Port
                0x00004296       0x26 ./HAL/Button/BUTTON_Program.o
                0x00004296                BUTTON_u8Get_8Buttons_Port
 .text.SEGMENT_voidInitSegmentPort
                0x000042bc       0x7e ./HAL/7-Segment/SEVEN_SEGMENT_Program.o
                0x000042bc                SEGMENT_voidInitSegmentPort
 .text.SEGMENT_voidPrintNumber
                0x0000433a      0x196 ./HAL/7-Segment/SEVEN_SEGMENT_Program.o
                0x0000433a                SEGMENT_voidPrintNumber
 .text.main     0x000044d0      0x494 ./APP/main.o
                0x000044d0                main
 .text.StartProgram_SMART_HOME
                0x00004964      0x23a ./APP/main.o
                0x00004964                StartProgram_SMART_HOME
 .text.SelectUserName
                0x00004b9e       0xec ./APP/main.o
                0x00004b9e                SelectUserName
 .text.GetPassword
                0x00004c8a       0x88 ./APP/main.o
                0x00004c8a                GetPassword
 .text.EditPassword
                0x00004d12      0x43e ./APP/main.o
                0x00004d12                EditPassword
 .text.SmartHome_ManualMode
                0x00005150      0x2ba ./APP/main.o
                0x00005150                SmartHome_ManualMode
 .text.SmartHome_AutoMode
                0x0000540a       0x6e ./APP/main.o
                0x0000540a                SmartHome_AutoMode
 .text.Control_TV
                0x00005478       0x84 ./APP/main.o
                0x00005478                Control_TV
 .text.Control_Light1
                0x000054fc       0x84 ./APP/main.o
                0x000054fc                Control_Light1
 .text.Control_Light2
                0x00005580       0x84 ./APP/main.o
                0x00005580                Control_Light2
 .text.Control_Light3
                0x00005604       0x84 ./APP/main.o
                0x00005604                Control_Light3
 .text.Control_Light4
                0x00005688       0x84 ./APP/main.o
                0x00005688                Control_Light4
 .text.Control_Fan
                0x0000570c       0x84 ./APP/main.o
                0x0000570c                Control_Fan
 .text.OpenDoor
                0x00005790       0x16 ./APP/main.o
                0x00005790                OpenDoor
 .text.CloseDoor
                0x000057a6       0x16 ./APP/main.o
                0x000057a6                CloseDoor
 .text.libgcc   0x000057bc       0x3e d:/imt_sdk_win_64/winavr/bin/../lib/gcc/avr/4.3.3/avr5\libgcc.a(_mulsi3.o)
                0x000057bc                __mulsi3
 .text.libgcc   0x000057fa       0x44 d:/imt_sdk_win_64/winavr/bin/../lib/gcc/avr/4.3.3/avr5\libgcc.a(_udivmodsi4.o)
                0x000057fa                __udivmodsi4
 .text.libgcc   0x0000583e        0x0 d:/imt_sdk_win_64/winavr/bin/../lib/gcc/avr/4.3.3/avr5\libgcc.a(_exit.o)
 .text.libgcc   0x0000583e        0x0 d:/imt_sdk_win_64/winavr/bin/../lib/gcc/avr/4.3.3/avr5\libgcc.a(_copy_data.o)
 .text.libgcc   0x0000583e        0x0 d:/imt_sdk_win_64/winavr/bin/../lib/gcc/avr/4.3.3/avr5\libgcc.a(_clear_bss.o)
 .text.libgcc   0x0000583e       0x38 d:/imt_sdk_win_64/winavr/bin/../lib/gcc/avr/4.3.3/avr5\libgcc.a(_prologue.o)
                0x0000583e                __prologue_saves__
 .text.libgcc   0x00005876       0x36 d:/imt_sdk_win_64/winavr/bin/../lib/gcc/avr/4.3.3/avr5\libgcc.a(_epilogue.o)
                0x00005876                __epilogue_restores__
                0x000058ac                . = ALIGN (0x2)
 *(.fini9)
 .fini9         0x000058ac        0x0 d:/imt_sdk_win_64/winavr/bin/../lib/gcc/avr/4.3.3/avr5\libgcc.a(_exit.o)
                0x000058ac                exit
                0x000058ac                _exit
 *(.fini9)
 *(.fini8)
 *(.fini8)
 *(.fini7)
 *(.fini7)
 *(.fini6)
 *(.fini6)
 *(.fini5)
 *(.fini5)
 *(.fini4)
 *(.fini4)
 *(.fini3)
 *(.fini3)
 *(.fini2)
 *(.fini2)
 *(.fini1)
 *(.fini1)
 *(.fini0)
 .fini0         0x000058ac        0x4 d:/imt_sdk_win_64/winavr/bin/../lib/gcc/avr/4.3.3/avr5\libgcc.a(_exit.o)
 *(.fini0)
                0x000058b0                _etext = .

.data           0x00800060      0x24c load address 0x000058b0
                0x00800060                PROVIDE (__data_start, .)
 *(.data)
 .data          0x00800060        0x0 d:/imt_sdk_win_64/winavr/bin/../lib/gcc/avr/4.3.3/../../../../avr/lib/avr5/crtm32.o
 .data          0x00800060        0x0 ./MCAL/USART/USART_Program.o
 .data          0x00800060        0x0 ./MCAL/TIMERS/TIMER1/TIMER1_Program.o
 .data          0x00800060        0x0 ./MCAL/TIMERS/TIMER0/TIMER0_Program.o
 .data          0x00800060        0x0 ./MCAL/SPI/SPI_Program.o
 .data          0x00800060        0x0 ./MCAL/I2C/I2C_Program.o
 .data          0x00800060        0x0 ./MCAL/GIE/GIE_Program.o
 .data          0x00800060        0x0 ./MCAL/EXTI/EXTI_Program.o
 .data          0x00800060        0x0 ./MCAL/DIO/DIO_Program.o
 .data          0x00800060        0x0 ./MCAL/ADC/ADC_Program.o
 .data          0x00800060        0x0 ./HAL/Stepper_Motor/STEPPER_Program.o
 .data          0x00800060        0x0 ./HAL/SERVO_MOTOR/SERVO_Program.o
 .data          0x00800060        0x0 ./HAL/LED/LED_Program.o
 .data          0x00800060        0x0 ./HAL/LCD/LCD_Program.o
 .data          0x00800060        0x0 ./HAL/KPAD/KPAD_Program.o
 .data          0x00800060        0x0 ./HAL/EEPROM/EEPROM_Program.o
 .data          0x00800060        0x0 ./HAL/Button/BUTTON_Program.o
 .data          0x00800060        0x0 ./HAL/7-Segment/SEVEN_SEGMENT_Program.o
 .data          0x00800060      0x221 ./APP/main.o
 .data          0x00800281        0x0 d:/imt_sdk_win_64/winavr/bin/../lib/gcc/avr/4.3.3/avr5\libgcc.a(_mulsi3.o)
 .data          0x00800281        0x0 d:/imt_sdk_win_64/winavr/bin/../lib/gcc/avr/4.3.3/avr5\libgcc.a(_udivmodsi4.o)
 .data          0x00800281        0x0 d:/imt_sdk_win_64/winavr/bin/../lib/gcc/avr/4.3.3/avr5\libgcc.a(_exit.o)
 .data          0x00800281        0x0 d:/imt_sdk_win_64/winavr/bin/../lib/gcc/avr/4.3.3/avr5\libgcc.a(_copy_data.o)
 .data          0x00800281        0x0 d:/imt_sdk_win_64/winavr/bin/../lib/gcc/avr/4.3.3/avr5\libgcc.a(_clear_bss.o)
 .data          0x00800281        0x0 d:/imt_sdk_win_64/winavr/bin/../lib/gcc/avr/4.3.3/avr5\libgcc.a(_fixunssfsi.o)
 .data          0x00800281        0x0 d:/imt_sdk_win_64/winavr/bin/../lib/gcc/avr/4.3.3/avr5\libgcc.a(_addsub_sf.o)
 .data          0x00800281        0x0 d:/imt_sdk_win_64/winavr/bin/../lib/gcc/avr/4.3.3/avr5\libgcc.a(_mul_sf.o)
 .data          0x00800281        0x0 d:/imt_sdk_win_64/winavr/bin/../lib/gcc/avr/4.3.3/avr5\libgcc.a(_gt_sf.o)
 .data          0x00800281        0x0 d:/imt_sdk_win_64/winavr/bin/../lib/gcc/avr/4.3.3/avr5\libgcc.a(_ge_sf.o)
 .data          0x00800281        0x0 d:/imt_sdk_win_64/winavr/bin/../lib/gcc/avr/4.3.3/avr5\libgcc.a(_lt_sf.o)
 .data          0x00800281        0x0 d:/imt_sdk_win_64/winavr/bin/../lib/gcc/avr/4.3.3/avr5\libgcc.a(_sf_to_si.o)
 .data          0x00800281        0x8 d:/imt_sdk_win_64/winavr/bin/../lib/gcc/avr/4.3.3/avr5\libgcc.a(_thenan_sf.o)
                0x00800281                __thenan_sf
 .data          0x00800289        0x0 d:/imt_sdk_win_64/winavr/bin/../lib/gcc/avr/4.3.3/avr5\libgcc.a(_prologue.o)
 .data          0x00800289        0x0 d:/imt_sdk_win_64/winavr/bin/../lib/gcc/avr/4.3.3/avr5\libgcc.a(_epilogue.o)
 .data          0x00800289        0x0 d:/imt_sdk_win_64/winavr/bin/../lib/gcc/avr/4.3.3/avr5\libgcc.a(_pack_sf.o)
 .data          0x00800289        0x0 d:/imt_sdk_win_64/winavr/bin/../lib/gcc/avr/4.3.3/avr5\libgcc.a(_unpack_sf.o)
 .data          0x00800289        0x0 d:/imt_sdk_win_64/winavr/bin/../lib/gcc/avr/4.3.3/avr5\libgcc.a(_fpcmp_parts_sf.o)
 *(.data*)
 .data.KPAD_Au8ColumnsArr
                0x00800289        0x4 ./HAL/KPAD/KPAD_Program.o
                0x00800289                KPAD_Au8ColumnsArr
 .data.KPAD_Au8RowsArr
                0x0080028d        0x4 ./HAL/KPAD/KPAD_Program.o
                0x0080028d                KPAD_Au8RowsArr
 .data.KPAD_Au8KeysArr
                0x00800291       0x10 ./HAL/KPAD/KPAD_Program.o
                0x00800291                KPAD_Au8KeysArr
 .data.Common_Anode_Arr
                0x008002a1        0xa ./HAL/7-Segment/SEVEN_SEGMENT_Program.o
                0x008002a1                Common_Anode_Arr
 .data.Exit_EditPassFlag
                0x008002ab        0x1 ./APP/main.o
                0x008002ab                Exit_EditPassFlag
 *(.rodata)
 *(.rodata*)
 *(.gnu.linkonce.d*)
                0x008002ac                . = ALIGN (0x2)
                0x008002ac                _edata = .
                0x008002ac                PROVIDE (__data_end, .)

.bss            0x008002ac       0x3a
                0x008002ac                PROVIDE (__bss_start, .)
 *(.bss)
 .bss           0x008002ac        0x0 d:/imt_sdk_win_64/winavr/bin/../lib/gcc/avr/4.3.3/../../../../avr/lib/avr5/crtm32.o
 .bss           0x008002ac        0x0 ./MCAL/USART/USART_Program.o
 .bss           0x008002ac        0x0 ./MCAL/TIMERS/TIMER1/TIMER1_Program.o
 .bss           0x008002ac        0x0 ./MCAL/TIMERS/TIMER0/TIMER0_Program.o
 .bss           0x008002ac        0x0 ./MCAL/SPI/SPI_Program.o
 .bss           0x008002ac        0x0 ./MCAL/I2C/I2C_Program.o
 .bss           0x008002ac        0x0 ./MCAL/GIE/GIE_Program.o
 .bss           0x008002ac        0x0 ./MCAL/EXTI/EXTI_Program.o
 .bss           0x008002ac        0x0 ./MCAL/DIO/DIO_Program.o
 .bss           0x008002ac        0x0 ./MCAL/ADC/ADC_Program.o
 .bss           0x008002ac        0x0 ./HAL/Stepper_Motor/STEPPER_Program.o
 .bss           0x008002ac        0x0 ./HAL/SERVO_MOTOR/SERVO_Program.o
 .bss           0x008002ac        0x0 ./HAL/LED/LED_Program.o
 .bss           0x008002ac        0x0 ./HAL/LCD/LCD_Program.o
 .bss           0x008002ac        0x0 ./HAL/KPAD/KPAD_Program.o
 .bss           0x008002ac        0x0 ./HAL/EEPROM/EEPROM_Program.o
 .bss           0x008002ac        0x0 ./HAL/Button/BUTTON_Program.o
 .bss           0x008002ac        0x0 ./HAL/7-Segment/SEVEN_SEGMENT_Program.o
 .bss           0x008002ac        0x0 ./APP/main.o
 .bss           0x008002ac        0x0 d:/imt_sdk_win_64/winavr/bin/../lib/gcc/avr/4.3.3/avr5\libgcc.a(_mulsi3.o)
 .bss           0x008002ac        0x0 d:/imt_sdk_win_64/winavr/bin/../lib/gcc/avr/4.3.3/avr5\libgcc.a(_udivmodsi4.o)
 .bss           0x008002ac        0x0 d:/imt_sdk_win_64/winavr/bin/../lib/gcc/avr/4.3.3/avr5\libgcc.a(_exit.o)
 .bss           0x008002ac        0x0 d:/imt_sdk_win_64/winavr/bin/../lib/gcc/avr/4.3.3/avr5\libgcc.a(_copy_data.o)
 .bss           0x008002ac        0x0 d:/imt_sdk_win_64/winavr/bin/../lib/gcc/avr/4.3.3/avr5\libgcc.a(_clear_bss.o)
 .bss           0x008002ac        0x0 d:/imt_sdk_win_64/winavr/bin/../lib/gcc/avr/4.3.3/avr5\libgcc.a(_fixunssfsi.o)
 .bss           0x008002ac        0x0 d:/imt_sdk_win_64/winavr/bin/../lib/gcc/avr/4.3.3/avr5\libgcc.a(_addsub_sf.o)
 .bss           0x008002ac        0x0 d:/imt_sdk_win_64/winavr/bin/../lib/gcc/avr/4.3.3/avr5\libgcc.a(_mul_sf.o)
 .bss           0x008002ac        0x0 d:/imt_sdk_win_64/winavr/bin/../lib/gcc/avr/4.3.3/avr5\libgcc.a(_gt_sf.o)
 .bss           0x008002ac        0x0 d:/imt_sdk_win_64/winavr/bin/../lib/gcc/avr/4.3.3/avr5\libgcc.a(_ge_sf.o)
 .bss           0x008002ac        0x0 d:/imt_sdk_win_64/winavr/bin/../lib/gcc/avr/4.3.3/avr5\libgcc.a(_lt_sf.o)
 .bss           0x008002ac        0x0 d:/imt_sdk_win_64/winavr/bin/../lib/gcc/avr/4.3.3/avr5\libgcc.a(_sf_to_si.o)
 .bss           0x008002ac        0x0 d:/imt_sdk_win_64/winavr/bin/../lib/gcc/avr/4.3.3/avr5\libgcc.a(_thenan_sf.o)
 .bss           0x008002ac        0x0 d:/imt_sdk_win_64/winavr/bin/../lib/gcc/avr/4.3.3/avr5\libgcc.a(_prologue.o)
 .bss           0x008002ac        0x0 d:/imt_sdk_win_64/winavr/bin/../lib/gcc/avr/4.3.3/avr5\libgcc.a(_epilogue.o)
 .bss           0x008002ac        0x0 d:/imt_sdk_win_64/winavr/bin/../lib/gcc/avr/4.3.3/avr5\libgcc.a(_pack_sf.o)
 .bss           0x008002ac        0x0 d:/imt_sdk_win_64/winavr/bin/../lib/gcc/avr/4.3.3/avr5\libgcc.a(_unpack_sf.o)
 .bss           0x008002ac        0x0 d:/imt_sdk_win_64/winavr/bin/../lib/gcc/avr/4.3.3/avr5\libgcc.a(_fpcmp_parts_sf.o)
 *(.bss*)
 .bss.Global_PF_Vector_15
                0x008002ac        0x2 ./MCAL/USART/USART_Program.o
                0x008002ac                Global_PF_Vector_15
 .bss.Global_u8TXData
                0x008002ae        0x1 ./MCAL/USART/USART_Program.o
                0x008002ae                Global_u8TXData
 .bss.Global_u8RXData
                0x008002af        0x2 ./MCAL/USART/USART_Program.o
                0x008002af                Global_u8RXData
 .bss.Global_PointerToFunction_OVF_T1
                0x008002b1        0x2 ./MCAL/TIMERS/TIMER1/TIMER1_Program.o
                0x008002b1                Global_PointerToFunction_OVF_T1
 .bss.Global_PointerToFunction_CTC_T1
                0x008002b3        0x2 ./MCAL/TIMERS/TIMER1/TIMER1_Program.o
                0x008002b3                Global_PointerToFunction_CTC_T1
 .bss.Global_u16PreloadValue
                0x008002b5        0x2 ./MCAL/TIMERS/TIMER1/TIMER1_Program.o
                0x008002b5                Global_u16PreloadValue
 .bss.Global_u16CompareMatchValue_1A
                0x008002b7        0x2 ./MCAL/TIMERS/TIMER1/TIMER1_Program.o
                0x008002b7                Global_u16CompareMatchValue_1A
 .bss.Global_u16CompareMatchValue_1B
                0x008002b9        0x2 ./MCAL/TIMERS/TIMER1/TIMER1_Program.o
                0x008002b9                Global_u16CompareMatchValue_1B
 .bss.Global_ICU_Read1
                0x008002bb        0x2 ./MCAL/TIMERS/TIMER1/TIMER1_Program.o
                0x008002bb                Global_ICU_Read1
 .bss.Global_ICU_Read2
                0x008002bd        0x2 ./MCAL/TIMERS/TIMER1/TIMER1_Program.o
                0x008002bd                Global_ICU_Read2
 .bss.Global_ICU_Read3
                0x008002bf        0x2 ./MCAL/TIMERS/TIMER1/TIMER1_Program.o
                0x008002bf                Global_ICU_Read3
 .bss.Global_ICU_PeriodTime
                0x008002c1        0x2 ./MCAL/TIMERS/TIMER1/TIMER1_Program.o
                0x008002c1                Global_ICU_PeriodTime
 .bss.Global_ICU_ONTime
                0x008002c3        0x2 ./MCAL/TIMERS/TIMER1/TIMER1_Program.o
                0x008002c3                Global_ICU_ONTime
 .bss.Counter.1423
                0x008002c5        0x1 ./MCAL/TIMERS/TIMER1/TIMER1_Program.o
 .bss.Global_PointerToFunction_OVF_T0
                0x008002c6        0x2 ./MCAL/TIMERS/TIMER0/TIMER0_Program.o
                0x008002c6                Global_PointerToFunction_OVF_T0
 .bss.Global_PointerToFunction_CTC_T0
                0x008002c8        0x2 ./MCAL/TIMERS/TIMER0/TIMER0_Program.o
                0x008002c8                Global_PointerToFunction_CTC_T0
 .bss.Global_u8PreloadValue
                0x008002ca        0x2 ./MCAL/TIMERS/TIMER0/TIMER0_Program.o
                0x008002ca                Global_u8PreloadValue
 .bss.Global_u8CompareMatchValue
                0x008002cc        0x2 ./MCAL/TIMERS/TIMER0/TIMER0_Program.o
                0x008002cc                Global_u8CompareMatchValue
 .bss.Global_u32Time_ms
                0x008002ce        0x4 ./MCAL/TIMERS/TIMER0/TIMER0_Program.o
                0x008002ce                Global_u32Time_ms
 .bss.counter.1303
                0x008002d2        0x2 ./MCAL/TIMERS/TIMER0/TIMER0_Program.o
 .bss.counter.1322
                0x008002d4        0x2 ./MCAL/TIMERS/TIMER0/TIMER0_Program.o
 .bss.Global_PF_Vector_12
                0x008002d6        0x2 ./MCAL/SPI/SPI_Program.o
                0x008002d6                Global_PF_Vector_12
 .bss.Global_PF_Vector_1
                0x008002d8        0x2 ./MCAL/EXTI/EXTI_Program.o
                0x008002d8                Global_PF_Vector_1
 .bss.Global_PF_Vector_2
                0x008002da        0x2 ./MCAL/EXTI/EXTI_Program.o
                0x008002da                Global_PF_Vector_2
 .bss.Global_PF_Vector_3
                0x008002dc        0x2 ./MCAL/EXTI/EXTI_Program.o
                0x008002dc                Global_PF_Vector_3
 .bss.Global_PF_Vector_16
                0x008002de        0x2 ./MCAL/ADC/ADC_Program.o
                0x008002de                Global_PF_Vector_16
 .bss.ADC_u16Result
                0x008002e0        0x2 ./MCAL/ADC/ADC_Program.o
                0x008002e0                ADC_u16Result
 .bss.ADC_u18BusyFlag
                0x008002e2        0x1 ./MCAL/ADC/ADC_Program.o
                0x008002e2                ADC_u18BusyFlag
 .bss.EEPROM_PASSWORD
                0x008002e3        0x1 ./APP/main.o
                0x008002e3                EEPROM_PASSWORD
 .bss.ModeKey   0x008002e4        0x1 ./APP/main.o
                0x008002e4                ModeKey
 .bss.User      0x008002e5        0x1 ./APP/main.o
                0x008002e5                User
 *(COMMON)
                0x008002e6                PROVIDE (__bss_end, .)
                0x000058b0                __data_load_start = LOADADDR (.data)
                0x00005afc                __data_load_end = (__data_load_start + SIZEOF (.data))

.noinit         0x008002e6        0x0
                0x008002e6                PROVIDE (__noinit_start, .)
 *(.noinit*)
                0x008002e6                PROVIDE (__noinit_end, .)
                0x008002e6                _end = .
                0x008002e6                PROVIDE (__heap_start, .)

.eeprom         0x00810000        0x0
 *(.eeprom*)
                0x00810000                __eeprom_end = .

.fuse
 *(.fuse)
 *(.lfuse)
 *(.hfuse)
 *(.efuse)

.lock
 *(.lock*)

.signature
 *(.signature*)

.stab           0x00000000     0x72a8
 *(.stab)
 .stab          0x00000000      0x45c ./MCAL/USART/USART_Program.o
 .stab          0x0000045c      0x720 ./MCAL/TIMERS/TIMER1/TIMER1_Program.o
                                0x72c (size before relaxing)
 .stab          0x00000b7c      0x648 ./MCAL/TIMERS/TIMER0/TIMER0_Program.o
                                0x654 (size before relaxing)
 .stab          0x000011c4      0x54c ./MCAL/SPI/SPI_Program.o
                                0x558 (size before relaxing)
 .stab          0x00001710      0xdd4 ./MCAL/I2C/I2C_Program.o
                                0xde0 (size before relaxing)
 .stab          0x000024e4      0x1a4 ./MCAL/GIE/GIE_Program.o
                                0x1b0 (size before relaxing)
 .stab          0x00002688      0x3fc ./MCAL/EXTI/EXTI_Program.o
                                0x408 (size before relaxing)
 .stab          0x00002a84      0x78c ./MCAL/DIO/DIO_Program.o
                                0x798 (size before relaxing)
 .stab          0x00003210      0x480 ./MCAL/ADC/ADC_Program.o
                                0x48c (size before relaxing)
 .stab          0x00003690      0x150 ./HAL/Stepper_Motor/STEPPER_Program.o
                                0x15c (size before relaxing)
 .stab          0x000037e0      0x240 ./HAL/SERVO_MOTOR/SERVO_Program.o
                                0x24c (size before relaxing)
 .stab          0x00003a20      0x36c ./HAL/LED/LED_Program.o
                                0x378 (size before relaxing)
 .stab          0x00003d8c      0xc18 ./HAL/LCD/LCD_Program.o
                                0xc24 (size before relaxing)
 .stab          0x000049a4      0x39c ./HAL/KPAD/KPAD_Program.o
                                0x3a8 (size before relaxing)
 .stab          0x00004d40      0x480 ./HAL/EEPROM/EEPROM_Program.o
                                0x618 (size before relaxing)
 .stab          0x000051c0      0x318 ./HAL/Button/BUTTON_Program.o
                                0x324 (size before relaxing)
 .stab          0x000054d8      0x294 ./HAL/7-Segment/SEVEN_SEGMENT_Program.o
                                0x2a0 (size before relaxing)
 .stab          0x0000576c     0x1b3c ./APP/main.o
                               0x1cd4 (size before relaxing)

.stabstr        0x00000000     0x2c91
 *(.stabstr)
 .stabstr       0x00000000     0x2c91 ./MCAL/USART/USART_Program.o

.stab.excl
 *(.stab.excl)

.stab.exclstr
 *(.stab.exclstr)

.stab.index
 *(.stab.index)

.stab.indexstr
 *(.stab.indexstr)

.comment
 *(.comment)

.debug
 *(.debug)

.line
 *(.line)

.debug_srcinfo
 *(.debug_srcinfo)

.debug_sfnames
 *(.debug_sfnames)

.debug_aranges  0x00000000      0x140
 *(.debug_aranges)
 .debug_aranges
                0x00000000       0x20 d:/imt_sdk_win_64/winavr/bin/../lib/gcc/avr/4.3.3/avr5\libgcc.a(_fixunssfsi.o)
 .debug_aranges
                0x00000020       0x20 d:/imt_sdk_win_64/winavr/bin/../lib/gcc/avr/4.3.3/avr5\libgcc.a(_addsub_sf.o)
 .debug_aranges
                0x00000040       0x20 d:/imt_sdk_win_64/winavr/bin/../lib/gcc/avr/4.3.3/avr5\libgcc.a(_mul_sf.o)
 .debug_aranges
                0x00000060       0x20 d:/imt_sdk_win_64/winavr/bin/../lib/gcc/avr/4.3.3/avr5\libgcc.a(_gt_sf.o)
 .debug_aranges
                0x00000080       0x20 d:/imt_sdk_win_64/winavr/bin/../lib/gcc/avr/4.3.3/avr5\libgcc.a(_ge_sf.o)
 .debug_aranges
                0x000000a0       0x20 d:/imt_sdk_win_64/winavr/bin/../lib/gcc/avr/4.3.3/avr5\libgcc.a(_lt_sf.o)
 .debug_aranges
                0x000000c0       0x20 d:/imt_sdk_win_64/winavr/bin/../lib/gcc/avr/4.3.3/avr5\libgcc.a(_sf_to_si.o)
 .debug_aranges
                0x000000e0       0x20 d:/imt_sdk_win_64/winavr/bin/../lib/gcc/avr/4.3.3/avr5\libgcc.a(_pack_sf.o)
 .debug_aranges
                0x00000100       0x20 d:/imt_sdk_win_64/winavr/bin/../lib/gcc/avr/4.3.3/avr5\libgcc.a(_unpack_sf.o)
 .debug_aranges
                0x00000120       0x20 d:/imt_sdk_win_64/winavr/bin/../lib/gcc/avr/4.3.3/avr5\libgcc.a(_fpcmp_parts_sf.o)

.debug_pubnames
                0x00000000      0x170
 *(.debug_pubnames)
 .debug_pubnames
                0x00000000       0x23 d:/imt_sdk_win_64/winavr/bin/../lib/gcc/avr/4.3.3/avr5\libgcc.a(_fixunssfsi.o)
 .debug_pubnames
                0x00000023       0x2c d:/imt_sdk_win_64/winavr/bin/../lib/gcc/avr/4.3.3/avr5\libgcc.a(_addsub_sf.o)
 .debug_pubnames
                0x0000004f       0x1f d:/imt_sdk_win_64/winavr/bin/../lib/gcc/avr/4.3.3/avr5\libgcc.a(_mul_sf.o)
 .debug_pubnames
                0x0000006e       0x1e d:/imt_sdk_win_64/winavr/bin/../lib/gcc/avr/4.3.3/avr5\libgcc.a(_gt_sf.o)
 .debug_pubnames
                0x0000008c       0x1e d:/imt_sdk_win_64/winavr/bin/../lib/gcc/avr/4.3.3/avr5\libgcc.a(_ge_sf.o)
 .debug_pubnames
                0x000000aa       0x1e d:/imt_sdk_win_64/winavr/bin/../lib/gcc/avr/4.3.3/avr5\libgcc.a(_lt_sf.o)
 .debug_pubnames
                0x000000c8       0x20 d:/imt_sdk_win_64/winavr/bin/../lib/gcc/avr/4.3.3/avr5\libgcc.a(_sf_to_si.o)
 .debug_pubnames
                0x000000e8       0x22 d:/imt_sdk_win_64/winavr/bin/../lib/gcc/avr/4.3.3/avr5\libgcc.a(_thenan_sf.o)
 .debug_pubnames
                0x0000010a       0x1f d:/imt_sdk_win_64/winavr/bin/../lib/gcc/avr/4.3.3/avr5\libgcc.a(_pack_sf.o)
 .debug_pubnames
                0x00000129       0x21 d:/imt_sdk_win_64/winavr/bin/../lib/gcc/avr/4.3.3/avr5\libgcc.a(_unpack_sf.o)
 .debug_pubnames
                0x0000014a       0x26 d:/imt_sdk_win_64/winavr/bin/../lib/gcc/avr/4.3.3/avr5\libgcc.a(_fpcmp_parts_sf.o)

.debug_info     0x00000000     0x1c49
 *(.debug_info)
 .debug_info    0x00000000       0xb1 d:/imt_sdk_win_64/winavr/bin/../lib/gcc/avr/4.3.3/avr5\libgcc.a(_fixunssfsi.o)
 .debug_info    0x000000b1      0x47a d:/imt_sdk_win_64/winavr/bin/../lib/gcc/avr/4.3.3/avr5\libgcc.a(_addsub_sf.o)
 .debug_info    0x0000052b      0x485 d:/imt_sdk_win_64/winavr/bin/../lib/gcc/avr/4.3.3/avr5\libgcc.a(_mul_sf.o)
 .debug_info    0x000009b0      0x27f d:/imt_sdk_win_64/winavr/bin/../lib/gcc/avr/4.3.3/avr5\libgcc.a(_gt_sf.o)
 .debug_info    0x00000c2f      0x27f d:/imt_sdk_win_64/winavr/bin/../lib/gcc/avr/4.3.3/avr5\libgcc.a(_ge_sf.o)
 .debug_info    0x00000eae      0x27f d:/imt_sdk_win_64/winavr/bin/../lib/gcc/avr/4.3.3/avr5\libgcc.a(_lt_sf.o)
 .debug_info    0x0000112d      0x2b0 d:/imt_sdk_win_64/winavr/bin/../lib/gcc/avr/4.3.3/avr5\libgcc.a(_sf_to_si.o)
 .debug_info    0x000013dd      0x12c d:/imt_sdk_win_64/winavr/bin/../lib/gcc/avr/4.3.3/avr5\libgcc.a(_thenan_sf.o)
 .debug_info    0x00001509      0x2df d:/imt_sdk_win_64/winavr/bin/../lib/gcc/avr/4.3.3/avr5\libgcc.a(_pack_sf.o)
 .debug_info    0x000017e8      0x251 d:/imt_sdk_win_64/winavr/bin/../lib/gcc/avr/4.3.3/avr5\libgcc.a(_unpack_sf.o)
 .debug_info    0x00001a39      0x210 d:/imt_sdk_win_64/winavr/bin/../lib/gcc/avr/4.3.3/avr5\libgcc.a(_fpcmp_parts_sf.o)
 *(.gnu.linkonce.wi.*)

.debug_abbrev   0x00000000      0xeeb
 *(.debug_abbrev)
 .debug_abbrev  0x00000000       0x5d d:/imt_sdk_win_64/winavr/bin/../lib/gcc/avr/4.3.3/avr5\libgcc.a(_fixunssfsi.o)
 .debug_abbrev  0x0000005d      0x1ea d:/imt_sdk_win_64/winavr/bin/../lib/gcc/avr/4.3.3/avr5\libgcc.a(_addsub_sf.o)
 .debug_abbrev  0x00000247      0x21b d:/imt_sdk_win_64/winavr/bin/../lib/gcc/avr/4.3.3/avr5\libgcc.a(_mul_sf.o)
 .debug_abbrev  0x00000462      0x15a d:/imt_sdk_win_64/winavr/bin/../lib/gcc/avr/4.3.3/avr5\libgcc.a(_gt_sf.o)
 .debug_abbrev  0x000005bc      0x15a d:/imt_sdk_win_64/winavr/bin/../lib/gcc/avr/4.3.3/avr5\libgcc.a(_ge_sf.o)
 .debug_abbrev  0x00000716      0x15a d:/imt_sdk_win_64/winavr/bin/../lib/gcc/avr/4.3.3/avr5\libgcc.a(_lt_sf.o)
 .debug_abbrev  0x00000870      0x17f d:/imt_sdk_win_64/winavr/bin/../lib/gcc/avr/4.3.3/avr5\libgcc.a(_sf_to_si.o)
 .debug_abbrev  0x000009ef       0xad d:/imt_sdk_win_64/winavr/bin/../lib/gcc/avr/4.3.3/avr5\libgcc.a(_thenan_sf.o)
 .debug_abbrev  0x00000a9c      0x1c0 d:/imt_sdk_win_64/winavr/bin/../lib/gcc/avr/4.3.3/avr5\libgcc.a(_pack_sf.o)
 .debug_abbrev  0x00000c5c      0x154 d:/imt_sdk_win_64/winavr/bin/../lib/gcc/avr/4.3.3/avr5\libgcc.a(_unpack_sf.o)
 .debug_abbrev  0x00000db0      0x13b d:/imt_sdk_win_64/winavr/bin/../lib/gcc/avr/4.3.3/avr5\libgcc.a(_fpcmp_parts_sf.o)

.debug_line     0x00000000      0xdad
 *(.debug_line)
 .debug_line    0x00000000       0xa7 d:/imt_sdk_win_64/winavr/bin/../lib/gcc/avr/4.3.3/avr5\libgcc.a(_fixunssfsi.o)
 .debug_line    0x000000a7      0x2af d:/imt_sdk_win_64/winavr/bin/../lib/gcc/avr/4.3.3/avr5\libgcc.a(_addsub_sf.o)
 .debug_line    0x00000356      0x239 d:/imt_sdk_win_64/winavr/bin/../lib/gcc/avr/4.3.3/avr5\libgcc.a(_mul_sf.o)
 .debug_line    0x0000058f       0xd3 d:/imt_sdk_win_64/winavr/bin/../lib/gcc/avr/4.3.3/avr5\libgcc.a(_gt_sf.o)
 .debug_line    0x00000662       0xd3 d:/imt_sdk_win_64/winavr/bin/../lib/gcc/avr/4.3.3/avr5\libgcc.a(_ge_sf.o)
 .debug_line    0x00000735       0xd3 d:/imt_sdk_win_64/winavr/bin/../lib/gcc/avr/4.3.3/avr5\libgcc.a(_lt_sf.o)
 .debug_line    0x00000808      0x109 d:/imt_sdk_win_64/winavr/bin/../lib/gcc/avr/4.3.3/avr5\libgcc.a(_sf_to_si.o)
 .debug_line    0x00000911       0x90 d:/imt_sdk_win_64/winavr/bin/../lib/gcc/avr/4.3.3/avr5\libgcc.a(_thenan_sf.o)
 .debug_line    0x000009a1      0x18a d:/imt_sdk_win_64/winavr/bin/../lib/gcc/avr/4.3.3/avr5\libgcc.a(_pack_sf.o)
 .debug_line    0x00000b2b      0x14b d:/imt_sdk_win_64/winavr/bin/../lib/gcc/avr/4.3.3/avr5\libgcc.a(_unpack_sf.o)
 .debug_line    0x00000c76      0x137 d:/imt_sdk_win_64/winavr/bin/../lib/gcc/avr/4.3.3/avr5\libgcc.a(_fpcmp_parts_sf.o)

.debug_frame    0x00000000      0x160
 *(.debug_frame)
 .debug_frame   0x00000000       0x20 d:/imt_sdk_win_64/winavr/bin/../lib/gcc/avr/4.3.3/avr5\libgcc.a(_fixunssfsi.o)
 .debug_frame   0x00000020       0x40 d:/imt_sdk_win_64/winavr/bin/../lib/gcc/avr/4.3.3/avr5\libgcc.a(_addsub_sf.o)
 .debug_frame   0x00000060       0x20 d:/imt_sdk_win_64/winavr/bin/../lib/gcc/avr/4.3.3/avr5\libgcc.a(_mul_sf.o)
 .debug_frame   0x00000080       0x20 d:/imt_sdk_win_64/winavr/bin/../lib/gcc/avr/4.3.3/avr5\libgcc.a(_gt_sf.o)
 .debug_frame   0x000000a0       0x20 d:/imt_sdk_win_64/winavr/bin/../lib/gcc/avr/4.3.3/avr5\libgcc.a(_ge_sf.o)
 .debug_frame   0x000000c0       0x20 d:/imt_sdk_win_64/winavr/bin/../lib/gcc/avr/4.3.3/avr5\libgcc.a(_lt_sf.o)
 .debug_frame   0x000000e0       0x20 d:/imt_sdk_win_64/winavr/bin/../lib/gcc/avr/4.3.3/avr5\libgcc.a(_sf_to_si.o)
 .debug_frame   0x00000100       0x20 d:/imt_sdk_win_64/winavr/bin/../lib/gcc/avr/4.3.3/avr5\libgcc.a(_pack_sf.o)
 .debug_frame   0x00000120       0x20 d:/imt_sdk_win_64/winavr/bin/../lib/gcc/avr/4.3.3/avr5\libgcc.a(_unpack_sf.o)
 .debug_frame   0x00000140       0x20 d:/imt_sdk_win_64/winavr/bin/../lib/gcc/avr/4.3.3/avr5\libgcc.a(_fpcmp_parts_sf.o)

.debug_str      0x00000000      0x28d
 *(.debug_str)
 .debug_str     0x00000000       0xbf d:/imt_sdk_win_64/winavr/bin/../lib/gcc/avr/4.3.3/avr5\libgcc.a(_fixunssfsi.o)
                                 0xfe (size before relaxing)
 .debug_str     0x000000bf      0x14d d:/imt_sdk_win_64/winavr/bin/../lib/gcc/avr/4.3.3/avr5\libgcc.a(_addsub_sf.o)
                                0x206 (size before relaxing)
 .debug_str     0x0000020c       0x27 d:/imt_sdk_win_64/winavr/bin/../lib/gcc/avr/4.3.3/avr5\libgcc.a(_mul_sf.o)
                                0x1bf (size before relaxing)
 .debug_str     0x00000233        0xf d:/imt_sdk_win_64/winavr/bin/../lib/gcc/avr/4.3.3/avr5\libgcc.a(_gt_sf.o)
                                0x195 (size before relaxing)
 .debug_str     0x00000242        0x8 d:/imt_sdk_win_64/winavr/bin/../lib/gcc/avr/4.3.3/avr5\libgcc.a(_ge_sf.o)
                                0x195 (size before relaxing)
 .debug_str     0x0000024a        0x8 d:/imt_sdk_win_64/winavr/bin/../lib/gcc/avr/4.3.3/avr5\libgcc.a(_lt_sf.o)
                                0x195 (size before relaxing)
 .debug_str     0x00000252        0xa d:/imt_sdk_win_64/winavr/bin/../lib/gcc/avr/4.3.3/avr5\libgcc.a(_sf_to_si.o)
                                0x19e (size before relaxing)
 .debug_str     0x00000000      0x103 d:/imt_sdk_win_64/winavr/bin/../lib/gcc/avr/4.3.3/avr5\libgcc.a(_thenan_sf.o)
 .debug_str     0x0000025c       0x16 d:/imt_sdk_win_64/winavr/bin/../lib/gcc/avr/4.3.3/avr5\libgcc.a(_pack_sf.o)
                                0x19d (size before relaxing)
 .debug_str     0x00000272        0xb d:/imt_sdk_win_64/winavr/bin/../lib/gcc/avr/4.3.3/avr5\libgcc.a(_unpack_sf.o)
                                0x17f (size before relaxing)
 .debug_str     0x0000027d       0x10 d:/imt_sdk_win_64/winavr/bin/../lib/gcc/avr/4.3.3/avr5\libgcc.a(_fpcmp_parts_sf.o)
                                0x163 (size before relaxing)

.debug_loc      0x00000000      0x7ce
 *(.debug_loc)
 .debug_loc     0x00000000       0x34 d:/imt_sdk_win_64/winavr/bin/../lib/gcc/avr/4.3.3/avr5\libgcc.a(_fixunssfsi.o)
 .debug_loc     0x00000034      0x32a d:/imt_sdk_win_64/winavr/bin/../lib/gcc/avr/4.3.3/avr5\libgcc.a(_addsub_sf.o)
 .debug_loc     0x0000035e      0x104 d:/imt_sdk_win_64/winavr/bin/../lib/gcc/avr/4.3.3/avr5\libgcc.a(_mul_sf.o)
 .debug_loc     0x00000462       0x3c d:/imt_sdk_win_64/winavr/bin/../lib/gcc/avr/4.3.3/avr5\libgcc.a(_gt_sf.o)
 .debug_loc     0x0000049e       0x3c d:/imt_sdk_win_64/winavr/bin/../lib/gcc/avr/4.3.3/avr5\libgcc.a(_ge_sf.o)
 .debug_loc     0x000004da       0x3c d:/imt_sdk_win_64/winavr/bin/../lib/gcc/avr/4.3.3/avr5\libgcc.a(_lt_sf.o)
 .debug_loc     0x00000516       0x7e d:/imt_sdk_win_64/winavr/bin/../lib/gcc/avr/4.3.3/avr5\libgcc.a(_sf_to_si.o)
 .debug_loc     0x00000594      0x13e d:/imt_sdk_win_64/winavr/bin/../lib/gcc/avr/4.3.3/avr5\libgcc.a(_pack_sf.o)
 .debug_loc     0x000006d2       0xac d:/imt_sdk_win_64/winavr/bin/../lib/gcc/avr/4.3.3/avr5\libgcc.a(_unpack_sf.o)
 .debug_loc     0x0000077e       0x50 d:/imt_sdk_win_64/winavr/bin/../lib/gcc/avr/4.3.3/avr5\libgcc.a(_fpcmp_parts_sf.o)

.debug_macinfo
 *(.debug_macinfo)
OUTPUT(SMARTHOME.elf elf32-avr)
LOAD linker stubs

.debug_ranges   0x00000000       0x50
 .debug_ranges  0x00000000       0x50 d:/imt_sdk_win_64/winavr/bin/../lib/gcc/avr/4.3.3/avr5\libgcc.a(_mul_sf.o)
